// Jest Snapshot v1, https://goo.gl/fbAQLP

exports[`Testing <UniversalSortTable/> UniversalSortTable render correctly 1`] = `ShallowWrapper {}`;
