// Jest Snapshot v1, https://goo.gl/fbAQLP

exports[`Testing <ModalWindow/> ModalWindow render correctly 1`] = `ShallowWrapper {}`;
