// Jest Snapshot v1, https://goo.gl/fbAQLP

exports[`Testing <Header/> Header render correctly 1`] = `ShallowWrapper {}`;
