// Jest Snapshot v1, https://goo.gl/fbAQLP

exports[`Testing <Routes/> Routes render correctly 1`] = `ShallowWrapper {}`;
