// Jest Snapshot v1, https://goo.gl/fbAQLP

exports[`Testing <StartPage/> StartPage render correctly 1`] = `ShallowWrapper {}`;
